// Jest Snapshot v1, https://goo.gl/fbAQLP

exports[`Test 1::The card component should match the snapshot should match snapshot 1`] = `ReactWrapper {}`;
